report_id,report_status,report_type,alert_id,case_id,customer_id,external_id,customer_type,country_code,scenario_id,severity,alert_status,suspicious_point,description,score,detected_at,created_at,updated_at,submitted_at,submitted_by,submission_evidence,corrects_report_id,supersedes_report_id,transaction_ids,total_amount,currency,export_version,exported_at
report-golden-001,submitted,str,alert-golden-001,case-golden-001,customer-golden-001,EXT-GOLDEN-001,individual,JP,scenario-golden,high,investigating,golden suspicious point,golden alert,87.50,2026-07-31T10:00:00Z,2026-08-01T10:00:00Z,2026-08-01T10:30:00Z,2026-08-01T10:30:00Z,analyst01,receipt-001,,,transaction-golden-001,1234.50,JPY,str-v1,<dynamic>
